// Jest Snapshot v1, https://goo.gl/fbAQLP

exports[`Page Render should render correctly 1`] = `
<div
  className="sc-bcXHqe kZrKId"
  data-testid="Page"
/>
`;
