// Jest Snapshot v1, https://goo.gl/fbAQLP

exports[`Button Render should render correctly 1`] = `
<button
  className="sc-bcXHqe fPtqUk"
  data-testid="Button"
  onClick={[Function]}
  type="button"
/>
`;
