// Jest Snapshot v1, https://goo.gl/fbAQLP

exports[`Loader should render correctly 1`] = `
<div
  className="sc-bcXHqe iirdNF"
  data-testid="Loader"
>
  <svg
    className="sc-gswNZR ihJjGo"
    height={60}
    width={60}
  >
    <circle
      className="sc-dkrFOg sc-hLBbgP khjzeg gwiEns"
      cx={30}
      cy={30}
      r={18}
    />
    <circle
      className="sc-dkrFOg sc-eDvSVe khjzeg ihazi"
      cx={30}
      cy={30}
      r={18}
    />
  </svg>
</div>
`;
